// Jest Snapshot v1, https://goo.gl/fbAQLP

exports[`Nav component matches snapshot 1`] = `
<DocumentFragment>
  <header
    class="homePage overflow-auto"
  >
    <div
      class="container"
    >
      <div
        class="row"
      >
        <section
          class="header-title text-info text-center"
        >
          <h1
            id="title"
          >
            Welcome to the Workshop of Shawn Littrel,
          </h1>
          <br />
          <h2>
            Full Stack Web Developer
          </h2>
        </section>
      </div>
    </div>
    <ul
      class="nav"
    >
      <li>
        Nav should be here
      </li>
    </ul>
  </header>
</DocumentFragment>
`;
